2025-03-07T08:06:08.967876450Z sent 346,563 bytes 
2025-03-07T08:06:15.970837843Z sent 8,157,281 bytes 
2025-03-07T09:54:35.122752863Z sent 468,428 bytes 
2025-03-07T10:40:35.794788068Z sent 10,166,664 bytes 
2025-03-07T11:23:25.949204037Z sent 18,764,145 bytes 
2025-03-07T12:16:06.259267007Z sent 39,244 bytes 
2025-03-07T06:23:58.601825307Z sent 3,576 bytes 
2025-03-07T07:02:02.356820868Z sent 54,614 bytes 
2025-03-07T09:14:47.836048436Z sent 27,224,648 bytes 
2025-03-07T09:27:00.847429582Z sent 39,619,928 bytes 
2025-03-07T11:44:08.401231649Z sent 3,116,366,550 bytes 
2025-03-07T11:57:20.435745331Z sent 443,565 bytes 
2025-03-07T03:31:00.091191663Z sent 39,319 bytes 
2025-03-07T03:31:03.012321128Z sent 50,410 bytes 
2025-03-07T04:48:10.111393648Z sent 4,705,219 bytes 
2025-03-07T05:00:54.699107956Z sent 6,852 bytes 
2025-03-07T06:06:14.215153529Z sent 526,074,539 bytes 
2025-03-07T10:48:46.207541139Z sent 3,233,622 bytes 
2025-03-07T11:46:27.587315181Z sent 335,130 bytes 
2025-03-07T03:31:34.695894434Z sent 75,422 bytes 
2025-03-07T06:50:03.487050387Z sent 339,204 bytes 
2025-03-07T07:21:57.044641349Z sent 10,544,605 bytes 
2025-03-07T07:22:15.322108263Z sent 20,164,473 bytes 
2025-03-07T08:29:37.567016245Z sent 776,951,609 bytes 
2025-03-07T10:48:26.329139541Z sent 719,261 bytes 
2025-03-07T11:32:41.058429806Z sent 1,228,667 bytes 
2025-03-07T05:15:00.289248873Z sent 24,841 bytes 
2025-03-07T09:20:10.136365641Z sent 6,660 bytes 
2025-03-07T09:44:37.847254099Z sent 3,884,650 bytes 
2025-03-07T10:40:34.194715927Z sent 6,099,315 bytes 
2025-03-07T11:57:35.520668147Z sent 5,247,026 bytes 
2025-03-07T05:38:47.555007805Z sent 3,948,205 bytes 
2025-03-07T05:38:51.705579868Z sent 3,414,775 bytes 
2025-03-07T05:59:27.715887097Z sent 7,727,292 bytes 
2025-03-07T07:44:33.160919361Z sent 8,046,863 bytes 
2025-03-07T08:56:38.512142009Z sent 8,175,492 bytes 
2025-03-07T09:44:18.122888419Z sent 445,473 bytes 
2025-03-07T09:44:21.132413594Z sent 1,702,904 bytes 
2025-03-07T04:04:49.395681575Z sent 1,007,813 bytes 
2025-03-07T06:04:30.393672542Z sent 2,591,842 bytes 
2025-03-07T06:05:01.956554923Z sent 18,845,882 bytes 
2025-03-07T12:16:23.216096528Z sent 5,182,717 bytes 
2025-03-07T05:44:01.158643393Z sent 228,963 bytes 
2025-03-07T06:04:18.848802011Z sent 781,505 bytes 
2025-03-07T06:04:24.168063240Z sent 10,838,177 bytes 
2025-03-07T06:23:42.786446004Z sent 4,759,950 bytes 
2025-03-07T06:24:31.382509820Z sent 72,008,398 bytes 
2025-03-07T06:44:48.181402545Z sent 1,778,979 bytes 
2025-03-07T06:45:16.626153234Z sent 266,628,594 bytes 
2025-03-07T07:16:45.040993725Z sent 2,812,870 bytes 
2025-03-07T08:50:57.149188909Z sent 125,313 bytes 
2025-03-07T11:27:15.535661888Z sent 586,601 bytes 
2025-03-07T03:53:46.524709023Z sent 23,114,986 bytes 
2025-03-07T04:14:37.216639519Z sent 2,910,151 bytes 
2025-03-07T04:22:32.466873095Z sent 28,441,240 bytes 
2025-03-07T04:40:01.975820096Z sent 22,267,830 bytes 
2025-03-07T05:40:01.682298644Z sent 496,584,037 bytes 
2025-03-07T07:17:14.381131958Z sent 96,773,446 bytes 
2025-03-07T07:44:35.478173064Z sent 4,051,310 bytes 
2025-03-07T10:49:03.463948188Z sent 24,479,884 bytes 
2025-03-07T11:41:50.231853482Z sent 4,782,466 bytes 
2025-03-07T11:42:00.705814734Z sent 9,259,512 bytes 
2025-03-07T05:18:25.700974161Z sent 934,146 bytes 
2025-03-07T05:38:39.795723157Z sent 6,527,963 bytes 
2025-03-07T05:38:47.585532745Z sent 11,690,762 bytes 
2025-03-07T06:05:11.004958889Z sent 6,826,593 bytes 
2025-03-07T06:51:09.118022703Z sent 243,274,800 bytes 
2025-03-07T08:00:17.742291590Z sent 305,726,283 bytes 
2025-03-07T11:32:36.134408111Z sent 23,535 bytes 
2025-03-07T03:31:46.333164695Z sent 14,332,582 bytes 
2025-03-07T05:00:54.244501432Z sent 3,483,303 bytes 
2025-03-07T05:14:54.451589915Z sent 476,589 bytes 
2025-03-07T05:14:56.773347004Z sent 1,208,010 bytes 
2025-03-07T05:38:24.357076476Z sent 4,982,911 bytes 
2025-03-07T07:21:41.846503607Z sent 40,717 bytes 
2025-03-07T08:06:17.787483479Z sent 533,110 bytes 
2025-03-07T08:07:00.269885528Z sent 195,972,461 bytes 
2025-03-07T09:45:21.997668013Z sent 511,455,240 bytes 
2025-03-07T05:15:04.641017752Z sent 1,565,356 bytes 
2025-03-07T06:23:57.704937334Z sent 1,791,239 bytes 
2025-03-07T06:24:00.748796711Z sent 3,591,810 bytes 
2025-03-07T08:28:25.651898692Z sent 136,136,718 bytes 
2025-03-07T09:20:10.935390205Z sent 2,773,075 bytes 
2025-03-07T09:44:32.851279855Z sent 2,938,608 bytes 
2025-03-07T10:26:06.142054263Z sent 387,367 bytes 
2025-03-07T05:30:16.605807990Z sent 1,437,631 bytes 
2025-03-07T06:04:46.154234472Z sent 1,200,754 bytes 
2025-03-07T06:04:53.961239450Z sent 4,317,875 bytes 
2025-03-07T07:06:58.325911457Z sent 19,781,342 bytes 
2025-03-07T07:22:48.640653808Z sent 125,650,721 bytes 
2025-03-07T09:44:34.127447910Z sent 19,753 bytes 
2025-03-07T10:19:06.922597657Z sent 2,477,402 bytes 
2025-03-07T11:33:00.094591226Z sent 11,468,864 bytes 
2025-03-07T11:57:50.097019430Z sent 43,004,324 bytes 
2025-03-07T04:14:42.003162297Z sent 621,282 bytes 
2025-03-07T04:22:06.406562542Z sent 1,318,442 bytes 
2025-03-07T04:22:27.133874197Z sent 39,277,943 bytes 
2025-03-07T04:47:09.004002977Z sent 2,914,103 bytes 
2025-03-07T05:38:25.717928417Z sent 4,213,955 bytes 
2025-03-07T06:04:47.595488403Z sent 47,376 bytes 
2025-03-07T07:21:47.416273758Z sent 38,587 bytes 
2025-03-07T08:27:38.557131252Z sent 1,520,167 bytes 
2025-03-07T10:19:06.323599449Z sent 2,570,737 bytes 
2025-03-07T10:27:05.034269996Z sent 638,958,657 bytes 
2025-03-07T10:40:16.858854377Z sent 756,372 bytes 
2025-03-07T10:40:19.089324061Z sent 514,578 bytes 
2025-03-07T11:46:15.400857174Z sent 46,756,247 bytes 
2025-03-07T03:31:03.977243156Z sent 423,228 bytes 
2025-03-07T03:58:38.428238591Z sent 416,209 bytes 
2025-03-07T04:14:38.220512881Z sent 715,271 bytes 
2025-03-07T04:51:20.249202492Z sent 790,871 bytes 
2025-03-07T05:44:21.972716750Z sent 74,164,566 bytes 
2025-03-07T07:53:59.843427845Z sent 1,986,026 bytes 
2025-03-07T07:54:24.153691419Z sent 35,111,873 bytes 
2025-03-07T10:19:26.518884699Z sent 13,833,657 bytes 
2025-03-07T10:48:44.830258402Z sent 11,029,818 bytes 
2025-03-07T11:27:38.061218177Z sent 10,397,375 bytes 
2025-03-07T11:27:39.427988458Z sent 11,285,333 bytes 
2025-03-07T11:32:48.108657633Z sent 1,207,154 bytes 
2025-03-07T04:47:08.287516918Z sent 721,196 bytes 
2025-03-07T05:38:09.628301636Z sent 5,524,896 bytes 
2025-03-07T05:59:36.996985962Z sent 12,200,326 bytes 
2025-03-07T07:21:40.062061277Z sent 814,339 bytes 
2025-03-07T07:44:29.051818360Z sent 644,509 bytes 
2025-03-07T09:14:38.442518415Z sent 382,310 bytes 
2025-03-07T09:20:27.018396147Z sent 10,915,039 bytes 
2025-03-07T10:19:13.380390039Z sent 1,220,445 bytes 
2025-03-07T10:32:53.176648510Z sent 23,196,868 bytes 
2025-03-07T05:30:15.825476537Z sent 1,016,840 bytes 
2025-03-07T06:05:17.077419365Z sent 300,269 bytes 
2025-03-07T07:27:25.487047881Z sent 1,296,257 bytes 
2025-03-07T08:51:52.316828709Z sent 3,855,263 bytes 
2025-03-07T09:27:16.489082447Z sent 27,083,793 bytes 
2025-03-07T10:26:05.658240250Z sent 9,527,400 bytes 
2025-03-07T11:46:16.860102389Z sent 2,920,543 bytes 
2025-03-07T11:47:01.713935926Z sent 117,576,767 bytes 
